time="2026-03-31 17:21:38" level=info msg="📁 Creating local indexer: indexer-0" file="metrics.go:82"
time="2026-03-31 17:21:38" level=info msg="🔥 Starting kube-burner (2.5.0@6eb71c4bedcb79702c00c250af02c839bf0a0956) with UUID 7907071f-9679-47b5-afc5-d425ff338c8d" file="job.go:86"
time="2026-03-31 17:21:38" level=debug msg="batch-jobs: QPS: 10" file="job.go:450"
time="2026-03-31 17:21:38" level=debug msg="batch-jobs: Burst: 1" file="job.go:457"
time="2026-03-31 17:21:38" level=debug msg="Preparing create job: batch-jobs" file="create.go:58"
time="2026-03-31 17:21:38" level=debug msg="Rendering template: workloads/batch/templates/job-dynamic.yml" file="create.go:64"
time="2026-03-31 17:21:38" level=debug msg="Job batch-jobs: 1 iterations with 60 Job replicas (object 1/1 from template)" file="create.go:103"
time="2026-03-31 17:21:38" level=debug msg="Rendering template: workloads/batch/templates/job-dynamic.yml" file="create.go:64"
time="2026-03-31 17:21:38" level=debug msg="Job batch-jobs: 1 iterations with 7 Job replicas (object 1/1 from template)" file="create.go:103"
time="2026-03-31 17:21:38" level=info msg="Pre-load: images from job batch-jobs" file="pre_load.go:77"
time="2026-03-31 17:21:38" level=debug msg="Created namespace: preload-kube-burner-74764" file="namespaces.go:53"
time="2026-03-31 17:21:38" level=info msg="Pre-load: Creating DaemonSet using images [gcr.io/k8s-staging-perf-tests/sleep:v0.0.3] in namespace preload-kube-burner-74764" file="pre_load.go:261"
time="2026-03-31 17:21:43" level=debug msg="Pre-load: DaemonSet scheduled on 20 nodes" file="pre_load.go:274"
time="2026-03-31 17:21:43" level=info msg="Pre-load: Waiting for images to be pulled on 20 nodes (timeout 10m0s)" file="pre_load.go:95"
time="2026-03-31 17:21:43" level=debug msg="Pre-load: 20/20 images pulled across 20 nodes" file="pre_load.go:112"
time="2026-03-31 17:21:43" level=info msg="Pre-load: All images pulled on 20 nodes" file="pre_load.go:114"
time="2026-03-31 17:21:43" level=info msg="Deleting 1 namespaces with label: kubernetes.io/metadata.name=preload-kube-burner-74764" file="namespaces.go:65"
time="2026-03-31 17:21:43" level=debug msg="Waiting for 1 namespaces labeled with kubernetes.io/metadata.name=preload-kube-burner-74764 to be deleted" file="namespaces.go:88"
time="2026-03-31 17:21:44" level=debug msg="Waiting for 1 namespaces labeled with kubernetes.io/metadata.name=preload-kube-burner-74764 to be deleted" file="namespaces.go:88"
time="2026-03-31 17:21:45" level=debug msg="Waiting for 1 namespaces labeled with kubernetes.io/metadata.name=preload-kube-burner-74764 to be deleted" file="namespaces.go:88"
time="2026-03-31 17:21:46" level=debug msg="Waiting for 1 namespaces labeled with kubernetes.io/metadata.name=preload-kube-burner-74764 to be deleted" file="namespaces.go:88"
time="2026-03-31 17:21:47" level=debug msg="Waiting for 1 namespaces labeled with kubernetes.io/metadata.name=preload-kube-burner-74764 to be deleted" file="namespaces.go:88"
time="2026-03-31 17:21:48" level=debug msg="Waiting for 1 namespaces labeled with kubernetes.io/metadata.name=preload-kube-burner-74764 to be deleted" file="namespaces.go:88"
time="2026-03-31 17:21:49" level=info msg="Cleaning up previous runs for job: batch-jobs" file="job.go:102"
time="2026-03-31 17:21:49" level=info msg="Deleting 1 namespaces with label: kube-burner.io/job=batch-jobs" file="namespaces.go:65"
time="2026-03-31 17:21:50" level=debug msg="Waiting for 1 namespaces labeled with kube-burner.io/job=batch-jobs to be deleted" file="namespaces.go:88"
time="2026-03-31 17:21:51" level=debug msg="Waiting for 1 namespaces labeled with kube-burner.io/job=batch-jobs to be deleted" file="namespaces.go:88"
time="2026-03-31 17:21:52" level=debug msg="Waiting for 1 namespaces labeled with kube-burner.io/job=batch-jobs to be deleted" file="namespaces.go:88"
time="2026-03-31 17:21:53" level=debug msg="Waiting for 1 namespaces labeled with kube-burner.io/job=batch-jobs to be deleted" file="namespaces.go:88"
time="2026-03-31 17:21:54" level=debug msg="Waiting for 1 namespaces labeled with kube-burner.io/job=batch-jobs to be deleted" file="namespaces.go:88"
time="2026-03-31 17:21:55" level=debug msg="Waiting for 1 namespaces labeled with kube-burner.io/job=batch-jobs to be deleted" file="namespaces.go:88"
time="2026-03-31 17:21:56" level=debug msg="Waiting for 1 namespaces labeled with kube-burner.io/job=batch-jobs to be deleted" file="namespaces.go:88"
time="2026-03-31 17:21:57" level=info msg="Initializing measurements for job: batch-jobs" file="factory.go:104"
time="2026-03-31 17:21:57" level=info msg="Registered measurement: jobLatency" file="factory.go:139"
time="2026-03-31 17:21:57" level=info msg="Creating batch/v1, Resource=jobs latency watcher for batch-jobs using selector [kube-burner.io/runid=a30cd777-98d0-4205-a777-91e1ead9cb83]" file="base_measurement.go:80"
time="2026-03-31 17:21:57" level=info msg="Triggering job: batch-jobs" file="job.go:139"
time="2026-03-31 17:21:57" level=debug msg="Created namespace: batch-workload-0" file="namespaces.go:53"
time="2026-03-31 17:21:57" level=debug msg="Creating object replicas from iteration 0" file="create.go:148"
time="2026-03-31 17:21:57" level=debug msg="Created Job/small-job-0 in namespace batch-workload-0" file="create.go:364"
time="2026-03-31 17:21:57" level=debug msg="Created Job/small-job-1 in namespace batch-workload-0" file="create.go:364"
time="2026-03-31 17:21:57" level=debug msg="Created Job/small-job-2 in namespace batch-workload-0" file="create.go:364"
time="2026-03-31 17:21:57" level=debug msg="Created Job/small-job-3 in namespace batch-workload-0" file="create.go:364"
time="2026-03-31 17:21:57" level=debug msg="Created Job/small-job-4 in namespace batch-workload-0" file="create.go:364"
time="2026-03-31 17:21:57" level=debug msg="Created Job/small-job-5 in namespace batch-workload-0" file="create.go:364"
time="2026-03-31 17:21:57" level=debug msg="Created Job/small-job-6 in namespace batch-workload-0" file="create.go:364"
time="2026-03-31 17:21:57" level=debug msg="Created Job/small-job-7 in namespace batch-workload-0" file="create.go:364"
time="2026-03-31 17:21:58" level=debug msg="Created Job/small-job-8 in namespace batch-workload-0" file="create.go:364"
time="2026-03-31 17:21:58" level=debug msg="Created Job/small-job-9 in namespace batch-workload-0" file="create.go:364"
time="2026-03-31 17:21:58" level=debug msg="Created Job/small-job-10 in namespace batch-workload-0" file="create.go:364"
time="2026-03-31 17:21:58" level=debug msg="Created Job/small-job-11 in namespace batch-workload-0" file="create.go:364"
time="2026-03-31 17:21:58" level=debug msg="Created Job/small-job-12 in namespace batch-workload-0" file="create.go:364"
time="2026-03-31 17:21:58" level=debug msg="Created Job/small-job-13 in namespace batch-workload-0" file="create.go:364"
time="2026-03-31 17:21:58" level=debug msg="Created Job/small-job-14 in namespace batch-workload-0" file="create.go:364"
time="2026-03-31 17:21:58" level=debug msg="Created Job/small-job-15 in namespace batch-workload-0" file="create.go:364"
time="2026-03-31 17:21:58" level=debug msg="Created Job/small-job-16 in namespace batch-workload-0" file="create.go:364"
time="2026-03-31 17:21:58" level=debug msg="Created Job/small-job-17 in namespace batch-workload-0" file="create.go:364"
time="2026-03-31 17:21:59" level=debug msg="Created Job/small-job-18 in namespace batch-workload-0" file="create.go:364"
time="2026-03-31 17:21:59" level=debug msg="Created Job/small-job-19 in namespace batch-workload-0" file="create.go:364"
time="2026-03-31 17:21:59" level=debug msg="Created Job/small-job-20 in namespace batch-workload-0" file="create.go:364"
time="2026-03-31 17:21:59" level=debug msg="Created Job/small-job-21 in namespace batch-workload-0" file="create.go:364"
time="2026-03-31 17:21:59" level=debug msg="Created Job/small-job-22 in namespace batch-workload-0" file="create.go:364"
time="2026-03-31 17:21:59" level=debug msg="Created Job/small-job-23 in namespace batch-workload-0" file="create.go:364"
time="2026-03-31 17:21:59" level=debug msg="Created Job/small-job-24 in namespace batch-workload-0" file="create.go:364"
time="2026-03-31 17:21:59" level=debug msg="Created Job/small-job-25 in namespace batch-workload-0" file="create.go:364"
time="2026-03-31 17:21:59" level=debug msg="Created Job/small-job-26 in namespace batch-workload-0" file="create.go:364"
time="2026-03-31 17:21:59" level=debug msg="Created Job/small-job-27 in namespace batch-workload-0" file="create.go:364"
time="2026-03-31 17:22:00" level=debug msg="Created Job/small-job-28 in namespace batch-workload-0" file="create.go:364"
time="2026-03-31 17:22:00" level=debug msg="Created Job/small-job-29 in namespace batch-workload-0" file="create.go:364"
time="2026-03-31 17:22:00" level=debug msg="Created Job/small-job-30 in namespace batch-workload-0" file="create.go:364"
time="2026-03-31 17:22:00" level=debug msg="Created Job/small-job-31 in namespace batch-workload-0" file="create.go:364"
time="2026-03-31 17:22:00" level=debug msg="Created Job/small-job-32 in namespace batch-workload-0" file="create.go:364"
time="2026-03-31 17:22:00" level=debug msg="Created Job/small-job-33 in namespace batch-workload-0" file="create.go:364"
time="2026-03-31 17:22:00" level=debug msg="Created Job/small-job-34 in namespace batch-workload-0" file="create.go:364"
time="2026-03-31 17:22:00" level=debug msg="Created Job/small-job-35 in namespace batch-workload-0" file="create.go:364"
time="2026-03-31 17:22:00" level=debug msg="Created Job/small-job-36 in namespace batch-workload-0" file="create.go:364"
time="2026-03-31 17:22:00" level=debug msg="Created Job/small-job-37 in namespace batch-workload-0" file="create.go:364"
time="2026-03-31 17:22:01" level=debug msg="Created Job/small-job-38 in namespace batch-workload-0" file="create.go:364"
time="2026-03-31 17:22:01" level=debug msg="Created Job/small-job-39 in namespace batch-workload-0" file="create.go:364"
time="2026-03-31 17:22:01" level=debug msg="Created Job/small-job-40 in namespace batch-workload-0" file="create.go:364"
time="2026-03-31 17:22:01" level=debug msg="Created Job/small-job-41 in namespace batch-workload-0" file="create.go:364"
time="2026-03-31 17:22:01" level=debug msg="Created Job/small-job-42 in namespace batch-workload-0" file="create.go:364"
time="2026-03-31 17:22:01" level=debug msg="Created Job/small-job-43 in namespace batch-workload-0" file="create.go:364"
time="2026-03-31 17:22:01" level=debug msg="Created Job/small-job-44 in namespace batch-workload-0" file="create.go:364"
time="2026-03-31 17:22:01" level=debug msg="Created Job/small-job-45 in namespace batch-workload-0" file="create.go:364"
time="2026-03-31 17:22:01" level=debug msg="Created Job/small-job-46 in namespace batch-workload-0" file="create.go:364"
time="2026-03-31 17:22:01" level=debug msg="Created Job/small-job-47 in namespace batch-workload-0" file="create.go:364"
time="2026-03-31 17:22:02" level=debug msg="Created Job/small-job-48 in namespace batch-workload-0" file="create.go:364"
time="2026-03-31 17:22:02" level=debug msg="Created Job/small-job-49 in namespace batch-workload-0" file="create.go:364"
time="2026-03-31 17:22:02" level=debug msg="Created Job/small-job-50 in namespace batch-workload-0" file="create.go:364"
time="2026-03-31 17:22:02" level=debug msg="Created Job/small-job-51 in namespace batch-workload-0" file="create.go:364"
time="2026-03-31 17:22:02" level=debug msg="Created Job/small-job-52 in namespace batch-workload-0" file="create.go:364"
time="2026-03-31 17:22:02" level=debug msg="Created Job/small-job-53 in namespace batch-workload-0" file="create.go:364"
time="2026-03-31 17:22:02" level=debug msg="Created Job/small-job-54 in namespace batch-workload-0" file="create.go:364"
time="2026-03-31 17:22:02" level=debug msg="Created Job/small-job-55 in namespace batch-workload-0" file="create.go:364"
time="2026-03-31 17:22:02" level=debug msg="Created Job/small-job-56 in namespace batch-workload-0" file="create.go:364"
time="2026-03-31 17:22:02" level=debug msg="Created Job/small-job-57 in namespace batch-workload-0" file="create.go:364"
time="2026-03-31 17:22:03" level=debug msg="Created Job/small-job-58 in namespace batch-workload-0" file="create.go:364"
time="2026-03-31 17:22:03" level=debug msg="Created Job/small-job-59 in namespace batch-workload-0" file="create.go:364"
time="2026-03-31 17:22:03" level=debug msg="Created Job/medium-job-0 in namespace batch-workload-0" file="create.go:364"
time="2026-03-31 17:22:03" level=debug msg="Created Job/medium-job-1 in namespace batch-workload-0" file="create.go:364"
time="2026-03-31 17:22:03" level=debug msg="Created Job/medium-job-2 in namespace batch-workload-0" file="create.go:364"
time="2026-03-31 17:22:03" level=debug msg="Created Job/medium-job-3 in namespace batch-workload-0" file="create.go:364"
time="2026-03-31 17:22:03" level=debug msg="Created Job/medium-job-4 in namespace batch-workload-0" file="create.go:364"
time="2026-03-31 17:22:03" level=debug msg="Created Job/medium-job-5 in namespace batch-workload-0" file="create.go:364"
time="2026-03-31 17:22:03" level=debug msg="Created Job/medium-job-6 in namespace batch-workload-0" file="create.go:364"
time="2026-03-31 17:22:03" level=info msg="Waiting up to 10m0s for actions to be completed" file="create.go:270"
time="2026-03-31 17:22:03" level=debug msg="Waiting for jobs in ns batch-workload-0 to be ready" file="waiters.go:320"
time="2026-03-31 17:22:04" level=debug msg="Waiting for jobs in ns batch-workload-0 to be ready" file="waiters.go:320"
time="2026-03-31 17:22:05" level=debug msg="Waiting for jobs in ns batch-workload-0 to be ready" file="waiters.go:320"
time="2026-03-31 17:22:06" level=debug msg="Waiting for jobs in ns batch-workload-0 to be ready" file="waiters.go:320"
time="2026-03-31 17:22:07" level=debug msg="Waiting for jobs in ns batch-workload-0 to be ready" file="waiters.go:320"
time="2026-03-31 17:22:08" level=debug msg="Waiting for jobs in ns batch-workload-0 to be ready" file="waiters.go:320"
time="2026-03-31 17:22:09" level=debug msg="Waiting for jobs in ns batch-workload-0 to be ready" file="waiters.go:320"
time="2026-03-31 17:22:10" level=debug msg="Waiting for jobs in ns batch-workload-0 to be ready" file="waiters.go:320"
time="2026-03-31 17:22:11" level=debug msg="Waiting for jobs in ns batch-workload-0 to be ready" file="waiters.go:320"
time="2026-03-31 17:22:12" level=debug msg="Waiting for jobs in ns batch-workload-0 to be ready" file="waiters.go:320"
time="2026-03-31 17:22:13" level=debug msg="Waiting for jobs in ns batch-workload-0 to be ready" file="waiters.go:320"
time="2026-03-31 17:22:14" level=debug msg="Waiting for jobs in ns batch-workload-0 to be ready" file="waiters.go:320"
time="2026-03-31 17:22:15" level=debug msg="Waiting for jobs in ns batch-workload-0 to be ready" file="waiters.go:320"
time="2026-03-31 17:22:16" level=debug msg="Waiting for jobs in ns batch-workload-0 to be ready" file="waiters.go:320"
time="2026-03-31 17:22:17" level=debug msg="Waiting for jobs in ns batch-workload-0 to be ready" file="waiters.go:320"
time="2026-03-31 17:22:18" level=debug msg="Waiting for jobs in ns batch-workload-0 to be ready" file="waiters.go:320"
time="2026-03-31 17:22:19" level=debug msg="Waiting for jobs in ns batch-workload-0 to be ready" file="waiters.go:320"
time="2026-03-31 17:22:20" level=debug msg="Waiting for jobs in ns batch-workload-0 to be ready" file="waiters.go:320"
time="2026-03-31 17:22:21" level=debug msg="Waiting for jobs in ns batch-workload-0 to be ready" file="waiters.go:320"
time="2026-03-31 17:22:22" level=debug msg="Waiting for jobs in ns batch-workload-0 to be ready" file="waiters.go:320"
time="2026-03-31 17:23:08" level=error msg="Error listing Job in batch-workload-0: Get \"https://127.0.0.1:52073/apis/batch/v1/namespaces/batch-workload-0/jobs?labelSelector=kube-burner.io%2Frunid%3Da30cd777-98d0-4205-a777-91e1ead9cb83&timeout=1m0s\": http2: client connection lost" file="waiters.go:274"
E0331 17:23:08.501673   56462 reflector.go:158] "Unhandled Error" err="k8s.io/client-go@v0.31.1/tools/cache/reflector.go:243: Failed to watch *unstructured.Unstructured: Get \"https://127.0.0.1:52073/apis/batch/v1/jobs?allowWatchBookmarks=true&labelSelector=kube-burner.io%2Frunid%3Da30cd777-98d0-4205-a777-91e1ead9cb83&resourceVersion=82903&timeout=1m0s&timeoutSeconds=554&watch=true\": http2: client connection lost" logger="UnhandledError"
time="2026-03-31 17:23:18" level=error msg="Error listing Job in batch-workload-0: Get \"https://127.0.0.1:52073/apis/batch/v1/namespaces/batch-workload-0/jobs?labelSelector=kube-burner.io%2Frunid%3Da30cd777-98d0-4205-a777-91e1ead9cb83&timeout=1m0s\": net/http: TLS handshake timeout" file="waiters.go:274"
W0331 17:23:19.890207   56462 reflector.go:561] k8s.io/client-go@v0.31.1/tools/cache/reflector.go:243: failed to list *unstructured.Unstructured: Get "https://127.0.0.1:52073/apis/batch/v1/jobs?labelSelector=kube-burner.io%2Frunid%3Da30cd777-98d0-4205-a777-91e1ead9cb83&resourceVersion=82903&timeout=1m0s": net/http: TLS handshake timeout
E0331 17:23:19.890283   56462 reflector.go:158] "Unhandled Error" err="k8s.io/client-go@v0.31.1/tools/cache/reflector.go:243: Failed to watch *unstructured.Unstructured: failed to list *unstructured.Unstructured: Get \"https://127.0.0.1:52073/apis/batch/v1/jobs?labelSelector=kube-burner.io%2Frunid%3Da30cd777-98d0-4205-a777-91e1ead9cb83&resourceVersion=82903&timeout=1m0s\": net/http: TLS handshake timeout" logger="UnhandledError"
time="2026-03-31 17:23:28" level=error msg="Error listing Job in batch-workload-0: Get \"https://127.0.0.1:52073/apis/batch/v1/namespaces/batch-workload-0/jobs?labelSelector=kube-burner.io%2Frunid%3Da30cd777-98d0-4205-a777-91e1ead9cb83&timeout=1m0s\": net/http: TLS handshake timeout" file="waiters.go:274"
W0331 17:23:32.729930   56462 reflector.go:561] k8s.io/client-go@v0.31.1/tools/cache/reflector.go:243: failed to list *unstructured.Unstructured: Get "https://127.0.0.1:52073/apis/batch/v1/jobs?labelSelector=kube-burner.io%2Frunid%3Da30cd777-98d0-4205-a777-91e1ead9cb83&resourceVersion=82903&timeout=1m0s": net/http: TLS handshake timeout
E0331 17:23:32.729983   56462 reflector.go:158] "Unhandled Error" err="k8s.io/client-go@v0.31.1/tools/cache/reflector.go:243: Failed to watch *unstructured.Unstructured: failed to list *unstructured.Unstructured: Get \"https://127.0.0.1:52073/apis/batch/v1/jobs?labelSelector=kube-burner.io%2Frunid%3Da30cd777-98d0-4205-a777-91e1ead9cb83&resourceVersion=82903&timeout=1m0s\": net/http: TLS handshake timeout" logger="UnhandledError"
time="2026-03-31 17:24:01" level=debug msg="Waiting for jobs in ns batch-workload-0 to be ready" file="waiters.go:320"
time="2026-03-31 17:24:03" level=debug msg="Waiting for jobs in ns batch-workload-0 to be ready" file="waiters.go:320"
time="2026-03-31 17:24:13" level=debug msg="Waiting for jobs in ns batch-workload-0 to be ready" file="waiters.go:320"
time="2026-03-31 17:24:14" level=debug msg="Waiting for jobs in ns batch-workload-0 to be ready" file="waiters.go:320"
time="2026-03-31 17:24:14" level=debug msg="Waiting for jobs in ns batch-workload-0 to be ready" file="waiters.go:320"
time="2026-03-31 17:24:14" level=debug msg="Waiting for jobs in ns batch-workload-0 to be ready" file="waiters.go:320"
time="2026-03-31 17:24:25" level=error msg="Error listing Job in batch-workload-0: Get \"https://127.0.0.1:52073/apis/batch/v1/namespaces/batch-workload-0/jobs?labelSelector=kube-burner.io%2Frunid%3Da30cd777-98d0-4205-a777-91e1ead9cb83&timeout=1m0s\": EOF" file="waiters.go:274"
time="2026-03-31 17:24:36" level=error msg="Error listing Job in batch-workload-0: Get \"https://127.0.0.1:52073/apis/batch/v1/namespaces/batch-workload-0/jobs?labelSelector=kube-burner.io%2Frunid%3Da30cd777-98d0-4205-a777-91e1ead9cb83&timeout=1m0s\": EOF" file="waiters.go:274"
time="2026-03-31 17:24:42" level=error msg="Error listing Job in batch-workload-0: jobs.batch is forbidden: User \"kubernetes-admin\" cannot list resource \"jobs\" in API group \"batch\" in the namespace \"batch-workload-0\"" file="waiters.go:274"
time="2026-03-31 17:24:42" level=error msg="Error listing Job in batch-workload-0: jobs.batch is forbidden: User \"kubernetes-admin\" cannot list resource \"jobs\" in API group \"batch\" in the namespace \"batch-workload-0\": RBAC: [clusterrole.rbac.authorization.k8s.io \"system:public-info-viewer\" not found, clusterrole.rbac.authorization.k8s.io \"cluster-admin\" not found, clusterrole.rbac.authorization.k8s.io \"system:basic-user\" not found, clusterrole.rbac.authorization.k8s.io \"system:discovery\" not found]" file="waiters.go:274"
time="2026-03-31 17:24:42" level=debug msg="Waiting for jobs in ns batch-workload-0 to be ready" file="waiters.go:320"
time="2026-03-31 17:24:43" level=debug msg="Waiting for jobs in ns batch-workload-0 to be ready" file="waiters.go:320"
time="2026-03-31 17:24:44" level=debug msg="Waiting for jobs in ns batch-workload-0 to be ready" file="waiters.go:320"
time="2026-03-31 17:24:45" level=debug msg="Waiting for jobs in ns batch-workload-0 to be ready" file="waiters.go:320"
time="2026-03-31 17:24:46" level=debug msg="Waiting for jobs in ns batch-workload-0 to be ready" file="waiters.go:320"
time="2026-03-31 17:24:47" level=debug msg="Waiting for jobs in ns batch-workload-0 to be ready" file="waiters.go:320"
time="2026-03-31 17:24:48" level=debug msg="Waiting for jobs in ns batch-workload-0 to be ready" file="waiters.go:320"
time="2026-03-31 17:24:49" level=debug msg="Waiting for jobs in ns batch-workload-0 to be ready" file="waiters.go:320"
time="2026-03-31 17:24:50" level=debug msg="Waiting for jobs in ns batch-workload-0 to be ready" file="waiters.go:320"
time="2026-03-31 17:24:51" level=debug msg="Waiting for jobs in ns batch-workload-0 to be ready" file="waiters.go:320"
time="2026-03-31 17:24:52" level=debug msg="Waiting for jobs in ns batch-workload-0 to be ready" file="waiters.go:320"
time="2026-03-31 17:24:53" level=debug msg="Waiting for jobs in ns batch-workload-0 to be ready" file="waiters.go:320"
time="2026-03-31 17:24:54" level=debug msg="Waiting for jobs in ns batch-workload-0 to be ready" file="waiters.go:320"
time="2026-03-31 17:24:54" level=debug msg="Status verified for object Job/medium-job-0" file="waiters.go:325"
time="2026-03-31 17:24:54" level=debug msg="Waiting for jobs in ns batch-workload-0 to be ready" file="waiters.go:320"
time="2026-03-31 17:24:55" level=debug msg="Waiting for jobs in ns batch-workload-0 to be ready" file="waiters.go:320"
time="2026-03-31 17:24:55" level=debug msg="Status verified for object Job/medium-job-0" file="waiters.go:325"
time="2026-03-31 17:24:55" level=debug msg="Waiting for jobs in ns batch-workload-0 to be ready" file="waiters.go:320"
time="2026-03-31 17:24:56" level=debug msg="Waiting for jobs in ns batch-workload-0 to be ready" file="waiters.go:320"
time="2026-03-31 17:24:56" level=debug msg="Status verified for object Job/medium-job-0" file="waiters.go:325"
time="2026-03-31 17:24:56" level=debug msg="Waiting for jobs in ns batch-workload-0 to be ready" file="waiters.go:320"
time="2026-03-31 17:24:57" level=debug msg="Waiting for jobs in ns batch-workload-0 to be ready" file="waiters.go:320"
time="2026-03-31 17:24:57" level=debug msg="Status verified for object Job/medium-job-0" file="waiters.go:325"
time="2026-03-31 17:24:57" level=debug msg="Waiting for jobs in ns batch-workload-0 to be ready" file="waiters.go:320"
time="2026-03-31 17:24:58" level=debug msg="Waiting for jobs in ns batch-workload-0 to be ready" file="waiters.go:320"
time="2026-03-31 17:24:58" level=debug msg="Status verified for object Job/medium-job-0" file="waiters.go:325"
time="2026-03-31 17:24:58" level=debug msg="Waiting for jobs in ns batch-workload-0 to be ready" file="waiters.go:320"
time="2026-03-31 17:24:59" level=debug msg="Waiting for jobs in ns batch-workload-0 to be ready" file="waiters.go:320"
time="2026-03-31 17:24:59" level=debug msg="Status verified for object Job/medium-job-0" file="waiters.go:325"
time="2026-03-31 17:24:59" level=debug msg="Waiting for jobs in ns batch-workload-0 to be ready" file="waiters.go:320"
time="2026-03-31 17:25:00" level=debug msg="Waiting for jobs in ns batch-workload-0 to be ready" file="waiters.go:320"
time="2026-03-31 17:25:00" level=debug msg="Status verified for object Job/medium-job-0" file="waiters.go:325"
time="2026-03-31 17:25:00" level=debug msg="Waiting for jobs in ns batch-workload-0 to be ready" file="waiters.go:320"
time="2026-03-31 17:25:01" level=debug msg="Waiting for jobs in ns batch-workload-0 to be ready" file="waiters.go:320"
time="2026-03-31 17:25:01" level=debug msg="Status verified for object Job/medium-job-0" file="waiters.go:325"
time="2026-03-31 17:25:01" level=debug msg="Waiting for jobs in ns batch-workload-0 to be ready" file="waiters.go:320"
time="2026-03-31 17:25:02" level=debug msg="Waiting for jobs in ns batch-workload-0 to be ready" file="waiters.go:320"
time="2026-03-31 17:25:02" level=debug msg="Status verified for object Job/medium-job-0" file="waiters.go:325"
time="2026-03-31 17:25:02" level=debug msg="Waiting for jobs in ns batch-workload-0 to be ready" file="waiters.go:320"
time="2026-03-31 17:25:03" level=debug msg="Waiting for jobs in ns batch-workload-0 to be ready" file="waiters.go:320"
time="2026-03-31 17:25:03" level=debug msg="Status verified for object Job/medium-job-0" file="waiters.go:325"
time="2026-03-31 17:25:03" level=debug msg="Waiting for jobs in ns batch-workload-0 to be ready" file="waiters.go:320"
time="2026-03-31 17:25:05" level=debug msg="Waiting for jobs in ns batch-workload-0 to be ready" file="waiters.go:320"
time="2026-03-31 17:25:05" level=debug msg="Status verified for object Job/medium-job-0" file="waiters.go:325"
time="2026-03-31 17:25:05" level=debug msg="Waiting for jobs in ns batch-workload-0 to be ready" file="waiters.go:320"
time="2026-03-31 17:25:05" level=debug msg="Waiting for jobs in ns batch-workload-0 to be ready" file="waiters.go:320"
time="2026-03-31 17:25:05" level=debug msg="Status verified for object Job/medium-job-0" file="waiters.go:325"
time="2026-03-31 17:25:05" level=debug msg="Waiting for jobs in ns batch-workload-0 to be ready" file="waiters.go:320"
time="2026-03-31 17:25:06" level=debug msg="Waiting for jobs in ns batch-workload-0 to be ready" file="waiters.go:320"
time="2026-03-31 17:25:06" level=debug msg="Status verified for object Job/medium-job-0" file="waiters.go:325"
time="2026-03-31 17:25:06" level=debug msg="Waiting for jobs in ns batch-workload-0 to be ready" file="waiters.go:320"
time="2026-03-31 17:25:07" level=debug msg="Waiting for jobs in ns batch-workload-0 to be ready" file="waiters.go:320"
time="2026-03-31 17:25:07" level=debug msg="Status verified for object Job/medium-job-0" file="waiters.go:325"
time="2026-03-31 17:25:07" level=debug msg="Waiting for jobs in ns batch-workload-0 to be ready" file="waiters.go:320"
time="2026-03-31 17:25:08" level=debug msg="Waiting for jobs in ns batch-workload-0 to be ready" file="waiters.go:320"
time="2026-03-31 17:25:08" level=debug msg="Status verified for object Job/medium-job-0" file="waiters.go:325"
time="2026-03-31 17:25:08" level=debug msg="Waiting for jobs in ns batch-workload-0 to be ready" file="waiters.go:320"
time="2026-03-31 17:25:09" level=debug msg="Waiting for jobs in ns batch-workload-0 to be ready" file="waiters.go:320"
time="2026-03-31 17:25:09" level=debug msg="Status verified for object Job/medium-job-0" file="waiters.go:325"
time="2026-03-31 17:25:09" level=debug msg="Waiting for jobs in ns batch-workload-0 to be ready" file="waiters.go:320"
time="2026-03-31 17:25:10" level=debug msg="Waiting for jobs in ns batch-workload-0 to be ready" file="waiters.go:320"
time="2026-03-31 17:25:10" level=debug msg="Status verified for object Job/medium-job-0" file="waiters.go:325"
time="2026-03-31 17:25:10" level=debug msg="Waiting for jobs in ns batch-workload-0 to be ready" file="waiters.go:320"
time="2026-03-31 17:25:11" level=debug msg="Waiting for jobs in ns batch-workload-0 to be ready" file="waiters.go:320"
time="2026-03-31 17:25:11" level=debug msg="Status verified for object Job/medium-job-0" file="waiters.go:325"
time="2026-03-31 17:25:11" level=debug msg="Waiting for jobs in ns batch-workload-0 to be ready" file="waiters.go:320"
time="2026-03-31 17:25:12" level=debug msg="Waiting for jobs in ns batch-workload-0 to be ready" file="waiters.go:320"
time="2026-03-31 17:25:12" level=debug msg="Status verified for object Job/medium-job-0" file="waiters.go:325"
time="2026-03-31 17:25:12" level=debug msg="Waiting for jobs in ns batch-workload-0 to be ready" file="waiters.go:320"
time="2026-03-31 17:25:13" level=debug msg="Waiting for jobs in ns batch-workload-0 to be ready" file="waiters.go:320"
time="2026-03-31 17:25:13" level=debug msg="Status verified for object Job/medium-job-0" file="waiters.go:325"
time="2026-03-31 17:25:13" level=debug msg="Waiting for jobs in ns batch-workload-0 to be ready" file="waiters.go:320"
time="2026-03-31 17:25:14" level=debug msg="Waiting for jobs in ns batch-workload-0 to be ready" file="waiters.go:320"
time="2026-03-31 17:25:14" level=debug msg="Status verified for object Job/medium-job-0" file="waiters.go:325"
time="2026-03-31 17:25:14" level=debug msg="Waiting for jobs in ns batch-workload-0 to be ready" file="waiters.go:320"
time="2026-03-31 17:25:15" level=debug msg="Waiting for jobs in ns batch-workload-0 to be ready" file="waiters.go:320"
time="2026-03-31 17:25:15" level=debug msg="Status verified for object Job/medium-job-0" file="waiters.go:325"
time="2026-03-31 17:25:15" level=debug msg="Waiting for jobs in ns batch-workload-0 to be ready" file="waiters.go:320"
time="2026-03-31 17:25:16" level=debug msg="Waiting for jobs in ns batch-workload-0 to be ready" file="waiters.go:320"
time="2026-03-31 17:25:16" level=debug msg="Status verified for object Job/medium-job-0" file="waiters.go:325"
time="2026-03-31 17:25:16" level=debug msg="Waiting for jobs in ns batch-workload-0 to be ready" file="waiters.go:320"
time="2026-03-31 17:25:16" level=debug msg="Status verified for object Job/medium-job-1" file="waiters.go:325"
time="2026-03-31 17:25:16" level=debug msg="Waiting for jobs in ns batch-workload-0 to be ready" file="waiters.go:320"
time="2026-03-31 17:25:16" level=debug msg="Status verified for object Job/medium-job-2" file="waiters.go:325"
time="2026-03-31 17:25:16" level=debug msg="Waiting for jobs in ns batch-workload-0 to be ready" file="waiters.go:320"
time="2026-03-31 17:25:16" level=debug msg="Status verified for object Job/medium-job-3" file="waiters.go:325"
time="2026-03-31 17:25:16" level=debug msg="Waiting for jobs in ns batch-workload-0 to be ready" file="waiters.go:320"
time="2026-03-31 17:25:17" level=debug msg="Waiting for jobs in ns batch-workload-0 to be ready" file="waiters.go:320"
time="2026-03-31 17:25:17" level=debug msg="Status verified for object Job/medium-job-0" file="waiters.go:325"
time="2026-03-31 17:25:17" level=debug msg="Waiting for jobs in ns batch-workload-0 to be ready" file="waiters.go:320"
time="2026-03-31 17:25:17" level=debug msg="Status verified for object Job/medium-job-1" file="waiters.go:325"
time="2026-03-31 17:25:17" level=debug msg="Waiting for jobs in ns batch-workload-0 to be ready" file="waiters.go:320"
time="2026-03-31 17:25:17" level=debug msg="Status verified for object Job/medium-job-2" file="waiters.go:325"
time="2026-03-31 17:25:17" level=debug msg="Waiting for jobs in ns batch-workload-0 to be ready" file="waiters.go:320"
time="2026-03-31 17:25:17" level=debug msg="Status verified for object Job/medium-job-3" file="waiters.go:325"
time="2026-03-31 17:25:17" level=debug msg="Waiting for jobs in ns batch-workload-0 to be ready" file="waiters.go:320"
time="2026-03-31 17:25:18" level=debug msg="Waiting for jobs in ns batch-workload-0 to be ready" file="waiters.go:320"
time="2026-03-31 17:25:18" level=debug msg="Status verified for object Job/medium-job-0" file="waiters.go:325"
time="2026-03-31 17:25:18" level=debug msg="Waiting for jobs in ns batch-workload-0 to be ready" file="waiters.go:320"
time="2026-03-31 17:25:18" level=debug msg="Status verified for object Job/medium-job-1" file="waiters.go:325"
time="2026-03-31 17:25:18" level=debug msg="Waiting for jobs in ns batch-workload-0 to be ready" file="waiters.go:320"
time="2026-03-31 17:25:18" level=debug msg="Status verified for object Job/medium-job-2" file="waiters.go:325"
time="2026-03-31 17:25:18" level=debug msg="Waiting for jobs in ns batch-workload-0 to be ready" file="waiters.go:320"
time="2026-03-31 17:25:18" level=debug msg="Status verified for object Job/medium-job-3" file="waiters.go:325"
time="2026-03-31 17:25:18" level=debug msg="Waiting for jobs in ns batch-workload-0 to be ready" file="waiters.go:320"
time="2026-03-31 17:25:19" level=debug msg="Waiting for jobs in ns batch-workload-0 to be ready" file="waiters.go:320"
time="2026-03-31 17:25:19" level=debug msg="Status verified for object Job/medium-job-0" file="waiters.go:325"
time="2026-03-31 17:25:19" level=debug msg="Waiting for jobs in ns batch-workload-0 to be ready" file="waiters.go:320"
time="2026-03-31 17:25:19" level=debug msg="Status verified for object Job/medium-job-1" file="waiters.go:325"
time="2026-03-31 17:25:19" level=debug msg="Waiting for jobs in ns batch-workload-0 to be ready" file="waiters.go:320"
time="2026-03-31 17:25:19" level=debug msg="Status verified for object Job/medium-job-2" file="waiters.go:325"
time="2026-03-31 17:25:19" level=debug msg="Waiting for jobs in ns batch-workload-0 to be ready" file="waiters.go:320"
time="2026-03-31 17:25:19" level=debug msg="Status verified for object Job/medium-job-3" file="waiters.go:325"
time="2026-03-31 17:25:19" level=debug msg="Waiting for jobs in ns batch-workload-0 to be ready" file="waiters.go:320"
time="2026-03-31 17:25:20" level=debug msg="Waiting for jobs in ns batch-workload-0 to be ready" file="waiters.go:320"
time="2026-03-31 17:25:20" level=debug msg="Status verified for object Job/medium-job-0" file="waiters.go:325"
time="2026-03-31 17:25:20" level=debug msg="Waiting for jobs in ns batch-workload-0 to be ready" file="waiters.go:320"
time="2026-03-31 17:25:20" level=debug msg="Status verified for object Job/medium-job-1" file="waiters.go:325"
time="2026-03-31 17:25:20" level=debug msg="Waiting for jobs in ns batch-workload-0 to be ready" file="waiters.go:320"
time="2026-03-31 17:25:20" level=debug msg="Status verified for object Job/medium-job-2" file="waiters.go:325"
time="2026-03-31 17:25:20" level=debug msg="Waiting for jobs in ns batch-workload-0 to be ready" file="waiters.go:320"
time="2026-03-31 17:25:20" level=debug msg="Status verified for object Job/medium-job-3" file="waiters.go:325"
time="2026-03-31 17:25:20" level=debug msg="Waiting for jobs in ns batch-workload-0 to be ready" file="waiters.go:320"
time="2026-03-31 17:25:21" level=debug msg="Waiting for jobs in ns batch-workload-0 to be ready" file="waiters.go:320"
time="2026-03-31 17:25:21" level=debug msg="Status verified for object Job/medium-job-0" file="waiters.go:325"
time="2026-03-31 17:25:21" level=debug msg="Waiting for jobs in ns batch-workload-0 to be ready" file="waiters.go:320"
time="2026-03-31 17:25:21" level=debug msg="Status verified for object Job/medium-job-1" file="waiters.go:325"
time="2026-03-31 17:25:21" level=debug msg="Waiting for jobs in ns batch-workload-0 to be ready" file="waiters.go:320"
time="2026-03-31 17:25:21" level=debug msg="Status verified for object Job/medium-job-2" file="waiters.go:325"
time="2026-03-31 17:25:21" level=debug msg="Waiting for jobs in ns batch-workload-0 to be ready" file="waiters.go:320"
time="2026-03-31 17:25:21" level=debug msg="Status verified for object Job/medium-job-3" file="waiters.go:325"
time="2026-03-31 17:25:21" level=debug msg="Waiting for jobs in ns batch-workload-0 to be ready" file="waiters.go:320"
time="2026-03-31 17:25:21" level=debug msg="Status verified for object Job/medium-job-4" file="waiters.go:325"
time="2026-03-31 17:25:21" level=debug msg="Waiting for jobs in ns batch-workload-0 to be ready" file="waiters.go:320"
time="2026-03-31 17:25:22" level=debug msg="Waiting for jobs in ns batch-workload-0 to be ready" file="waiters.go:320"
time="2026-03-31 17:25:22" level=debug msg="Status verified for object Job/medium-job-0" file="waiters.go:325"
time="2026-03-31 17:25:22" level=debug msg="Waiting for jobs in ns batch-workload-0 to be ready" file="waiters.go:320"
time="2026-03-31 17:25:22" level=debug msg="Status verified for object Job/medium-job-1" file="waiters.go:325"
time="2026-03-31 17:25:22" level=debug msg="Waiting for jobs in ns batch-workload-0 to be ready" file="waiters.go:320"
time="2026-03-31 17:25:22" level=debug msg="Status verified for object Job/medium-job-2" file="waiters.go:325"
time="2026-03-31 17:25:22" level=debug msg="Waiting for jobs in ns batch-workload-0 to be ready" file="waiters.go:320"
time="2026-03-31 17:25:22" level=debug msg="Status verified for object Job/medium-job-3" file="waiters.go:325"
time="2026-03-31 17:25:22" level=debug msg="Waiting for jobs in ns batch-workload-0 to be ready" file="waiters.go:320"
time="2026-03-31 17:25:22" level=debug msg="Status verified for object Job/medium-job-4" file="waiters.go:325"
time="2026-03-31 17:25:22" level=debug msg="Waiting for jobs in ns batch-workload-0 to be ready" file="waiters.go:320"
time="2026-03-31 17:25:23" level=debug msg="Waiting for jobs in ns batch-workload-0 to be ready" file="waiters.go:320"
time="2026-03-31 17:25:23" level=debug msg="Status verified for object Job/medium-job-0" file="waiters.go:325"
time="2026-03-31 17:25:23" level=debug msg="Waiting for jobs in ns batch-workload-0 to be ready" file="waiters.go:320"
time="2026-03-31 17:25:23" level=debug msg="Status verified for object Job/medium-job-1" file="waiters.go:325"
time="2026-03-31 17:25:23" level=debug msg="Waiting for jobs in ns batch-workload-0 to be ready" file="waiters.go:320"
time="2026-03-31 17:25:23" level=debug msg="Status verified for object Job/medium-job-2" file="waiters.go:325"
time="2026-03-31 17:25:23" level=debug msg="Waiting for jobs in ns batch-workload-0 to be ready" file="waiters.go:320"
time="2026-03-31 17:25:23" level=debug msg="Status verified for object Job/medium-job-3" file="waiters.go:325"
time="2026-03-31 17:25:23" level=debug msg="Waiting for jobs in ns batch-workload-0 to be ready" file="waiters.go:320"
time="2026-03-31 17:25:23" level=debug msg="Status verified for object Job/medium-job-4" file="waiters.go:325"
time="2026-03-31 17:25:23" level=debug msg="Waiting for jobs in ns batch-workload-0 to be ready" file="waiters.go:320"
time="2026-03-31 17:25:23" level=debug msg="Status verified for object Job/medium-job-5" file="waiters.go:325"
time="2026-03-31 17:25:23" level=debug msg="Waiting for jobs in ns batch-workload-0 to be ready" file="waiters.go:320"
time="2026-03-31 17:25:24" level=debug msg="Waiting for jobs in ns batch-workload-0 to be ready" file="waiters.go:320"
time="2026-03-31 17:25:24" level=debug msg="Status verified for object Job/medium-job-0" file="waiters.go:325"
time="2026-03-31 17:25:24" level=debug msg="Waiting for jobs in ns batch-workload-0 to be ready" file="waiters.go:320"
time="2026-03-31 17:25:24" level=debug msg="Status verified for object Job/medium-job-1" file="waiters.go:325"
time="2026-03-31 17:25:24" level=debug msg="Waiting for jobs in ns batch-workload-0 to be ready" file="waiters.go:320"
time="2026-03-31 17:25:24" level=debug msg="Status verified for object Job/medium-job-2" file="waiters.go:325"
time="2026-03-31 17:25:24" level=debug msg="Waiting for jobs in ns batch-workload-0 to be ready" file="waiters.go:320"
time="2026-03-31 17:25:24" level=debug msg="Status verified for object Job/medium-job-3" file="waiters.go:325"
time="2026-03-31 17:25:24" level=debug msg="Waiting for jobs in ns batch-workload-0 to be ready" file="waiters.go:320"
time="2026-03-31 17:25:24" level=debug msg="Status verified for object Job/medium-job-4" file="waiters.go:325"
time="2026-03-31 17:25:24" level=debug msg="Waiting for jobs in ns batch-workload-0 to be ready" file="waiters.go:320"
time="2026-03-31 17:25:24" level=debug msg="Status verified for object Job/medium-job-5" file="waiters.go:325"
time="2026-03-31 17:25:24" level=debug msg="Waiting for jobs in ns batch-workload-0 to be ready" file="waiters.go:320"
time="2026-03-31 17:25:25" level=debug msg="Waiting for jobs in ns batch-workload-0 to be ready" file="waiters.go:320"
time="2026-03-31 17:25:25" level=debug msg="Status verified for object Job/medium-job-0" file="waiters.go:325"
time="2026-03-31 17:25:25" level=debug msg="Waiting for jobs in ns batch-workload-0 to be ready" file="waiters.go:320"
time="2026-03-31 17:25:25" level=debug msg="Status verified for object Job/medium-job-1" file="waiters.go:325"
time="2026-03-31 17:25:25" level=debug msg="Waiting for jobs in ns batch-workload-0 to be ready" file="waiters.go:320"
time="2026-03-31 17:25:25" level=debug msg="Status verified for object Job/medium-job-2" file="waiters.go:325"
time="2026-03-31 17:25:25" level=debug msg="Waiting for jobs in ns batch-workload-0 to be ready" file="waiters.go:320"
time="2026-03-31 17:25:25" level=debug msg="Status verified for object Job/medium-job-3" file="waiters.go:325"
time="2026-03-31 17:25:25" level=debug msg="Waiting for jobs in ns batch-workload-0 to be ready" file="waiters.go:320"
time="2026-03-31 17:25:25" level=debug msg="Status verified for object Job/medium-job-4" file="waiters.go:325"
time="2026-03-31 17:25:25" level=debug msg="Waiting for jobs in ns batch-workload-0 to be ready" file="waiters.go:320"
time="2026-03-31 17:25:25" level=debug msg="Status verified for object Job/medium-job-5" file="waiters.go:325"
time="2026-03-31 17:25:25" level=debug msg="Waiting for jobs in ns batch-workload-0 to be ready" file="waiters.go:320"
time="2026-03-31 17:25:26" level=debug msg="Waiting for jobs in ns batch-workload-0 to be ready" file="waiters.go:320"
time="2026-03-31 17:25:26" level=debug msg="Status verified for object Job/medium-job-0" file="waiters.go:325"
time="2026-03-31 17:25:26" level=debug msg="Waiting for jobs in ns batch-workload-0 to be ready" file="waiters.go:320"
time="2026-03-31 17:25:26" level=debug msg="Status verified for object Job/medium-job-1" file="waiters.go:325"
time="2026-03-31 17:25:26" level=debug msg="Waiting for jobs in ns batch-workload-0 to be ready" file="waiters.go:320"
time="2026-03-31 17:25:26" level=debug msg="Status verified for object Job/medium-job-2" file="waiters.go:325"
time="2026-03-31 17:25:26" level=debug msg="Waiting for jobs in ns batch-workload-0 to be ready" file="waiters.go:320"
time="2026-03-31 17:25:26" level=debug msg="Status verified for object Job/medium-job-3" file="waiters.go:325"
time="2026-03-31 17:25:26" level=debug msg="Waiting for jobs in ns batch-workload-0 to be ready" file="waiters.go:320"
time="2026-03-31 17:25:26" level=debug msg="Status verified for object Job/medium-job-4" file="waiters.go:325"
time="2026-03-31 17:25:26" level=debug msg="Waiting for jobs in ns batch-workload-0 to be ready" file="waiters.go:320"
time="2026-03-31 17:25:26" level=debug msg="Status verified for object Job/medium-job-5" file="waiters.go:325"
time="2026-03-31 17:25:26" level=debug msg="Waiting for jobs in ns batch-workload-0 to be ready" file="waiters.go:320"
time="2026-03-31 17:25:27" level=debug msg="Waiting for jobs in ns batch-workload-0 to be ready" file="waiters.go:320"
time="2026-03-31 17:25:27" level=debug msg="Status verified for object Job/medium-job-0" file="waiters.go:325"
time="2026-03-31 17:25:27" level=debug msg="Waiting for jobs in ns batch-workload-0 to be ready" file="waiters.go:320"
time="2026-03-31 17:25:27" level=debug msg="Status verified for object Job/medium-job-1" file="waiters.go:325"
time="2026-03-31 17:25:27" level=debug msg="Waiting for jobs in ns batch-workload-0 to be ready" file="waiters.go:320"
time="2026-03-31 17:25:27" level=debug msg="Status verified for object Job/medium-job-2" file="waiters.go:325"
time="2026-03-31 17:25:27" level=debug msg="Waiting for jobs in ns batch-workload-0 to be ready" file="waiters.go:320"
time="2026-03-31 17:25:27" level=debug msg="Status verified for object Job/medium-job-3" file="waiters.go:325"
time="2026-03-31 17:25:27" level=debug msg="Waiting for jobs in ns batch-workload-0 to be ready" file="waiters.go:320"
time="2026-03-31 17:25:27" level=debug msg="Status verified for object Job/medium-job-4" file="waiters.go:325"
time="2026-03-31 17:25:27" level=debug msg="Waiting for jobs in ns batch-workload-0 to be ready" file="waiters.go:320"
time="2026-03-31 17:25:27" level=debug msg="Status verified for object Job/medium-job-5" file="waiters.go:325"
time="2026-03-31 17:25:27" level=debug msg="Waiting for jobs in ns batch-workload-0 to be ready" file="waiters.go:320"
time="2026-03-31 17:25:28" level=debug msg="Waiting for jobs in ns batch-workload-0 to be ready" file="waiters.go:320"
time="2026-03-31 17:25:28" level=debug msg="Status verified for object Job/medium-job-0" file="waiters.go:325"
time="2026-03-31 17:25:28" level=debug msg="Waiting for jobs in ns batch-workload-0 to be ready" file="waiters.go:320"
time="2026-03-31 17:25:28" level=debug msg="Status verified for object Job/medium-job-1" file="waiters.go:325"
time="2026-03-31 17:25:28" level=debug msg="Waiting for jobs in ns batch-workload-0 to be ready" file="waiters.go:320"
time="2026-03-31 17:25:28" level=debug msg="Status verified for object Job/medium-job-2" file="waiters.go:325"
time="2026-03-31 17:25:28" level=debug msg="Waiting for jobs in ns batch-workload-0 to be ready" file="waiters.go:320"
time="2026-03-31 17:25:28" level=debug msg="Status verified for object Job/medium-job-3" file="waiters.go:325"
time="2026-03-31 17:25:28" level=debug msg="Waiting for jobs in ns batch-workload-0 to be ready" file="waiters.go:320"
time="2026-03-31 17:25:28" level=debug msg="Status verified for object Job/medium-job-4" file="waiters.go:325"
time="2026-03-31 17:25:28" level=debug msg="Waiting for jobs in ns batch-workload-0 to be ready" file="waiters.go:320"
time="2026-03-31 17:25:28" level=debug msg="Status verified for object Job/medium-job-5" file="waiters.go:325"
time="2026-03-31 17:25:28" level=debug msg="Waiting for jobs in ns batch-workload-0 to be ready" file="waiters.go:320"
time="2026-03-31 17:25:29" level=debug msg="Waiting for jobs in ns batch-workload-0 to be ready" file="waiters.go:320"
time="2026-03-31 17:25:29" level=debug msg="Status verified for object Job/medium-job-0" file="waiters.go:325"
time="2026-03-31 17:25:29" level=debug msg="Waiting for jobs in ns batch-workload-0 to be ready" file="waiters.go:320"
time="2026-03-31 17:25:29" level=debug msg="Status verified for object Job/medium-job-1" file="waiters.go:325"
time="2026-03-31 17:25:29" level=debug msg="Waiting for jobs in ns batch-workload-0 to be ready" file="waiters.go:320"
time="2026-03-31 17:25:29" level=debug msg="Status verified for object Job/medium-job-2" file="waiters.go:325"
time="2026-03-31 17:25:29" level=debug msg="Waiting for jobs in ns batch-workload-0 to be ready" file="waiters.go:320"
time="2026-03-31 17:25:29" level=debug msg="Status verified for object Job/medium-job-3" file="waiters.go:325"
time="2026-03-31 17:25:29" level=debug msg="Waiting for jobs in ns batch-workload-0 to be ready" file="waiters.go:320"
time="2026-03-31 17:25:29" level=debug msg="Status verified for object Job/medium-job-4" file="waiters.go:325"
time="2026-03-31 17:25:29" level=debug msg="Waiting for jobs in ns batch-workload-0 to be ready" file="waiters.go:320"
time="2026-03-31 17:25:29" level=debug msg="Status verified for object Job/medium-job-5" file="waiters.go:325"
time="2026-03-31 17:25:29" level=debug msg="Waiting for jobs in ns batch-workload-0 to be ready" file="waiters.go:320"
time="2026-03-31 17:25:30" level=debug msg="Waiting for jobs in ns batch-workload-0 to be ready" file="waiters.go:320"
time="2026-03-31 17:25:30" level=debug msg="Status verified for object Job/medium-job-0" file="waiters.go:325"
time="2026-03-31 17:25:30" level=debug msg="Waiting for jobs in ns batch-workload-0 to be ready" file="waiters.go:320"
time="2026-03-31 17:25:30" level=debug msg="Status verified for object Job/medium-job-1" file="waiters.go:325"
time="2026-03-31 17:25:30" level=debug msg="Waiting for jobs in ns batch-workload-0 to be ready" file="waiters.go:320"
time="2026-03-31 17:25:30" level=debug msg="Status verified for object Job/medium-job-2" file="waiters.go:325"
time="2026-03-31 17:25:30" level=debug msg="Waiting for jobs in ns batch-workload-0 to be ready" file="waiters.go:320"
time="2026-03-31 17:25:30" level=debug msg="Status verified for object Job/medium-job-3" file="waiters.go:325"
time="2026-03-31 17:25:30" level=debug msg="Waiting for jobs in ns batch-workload-0 to be ready" file="waiters.go:320"
time="2026-03-31 17:25:30" level=debug msg="Status verified for object Job/medium-job-4" file="waiters.go:325"
time="2026-03-31 17:25:30" level=debug msg="Waiting for jobs in ns batch-workload-0 to be ready" file="waiters.go:320"
time="2026-03-31 17:25:30" level=debug msg="Status verified for object Job/medium-job-5" file="waiters.go:325"
time="2026-03-31 17:25:30" level=debug msg="Waiting for jobs in ns batch-workload-0 to be ready" file="waiters.go:320"
time="2026-03-31 17:25:31" level=debug msg="Waiting for jobs in ns batch-workload-0 to be ready" file="waiters.go:320"
time="2026-03-31 17:25:31" level=debug msg="Status verified for object Job/medium-job-0" file="waiters.go:325"
time="2026-03-31 17:25:31" level=debug msg="Waiting for jobs in ns batch-workload-0 to be ready" file="waiters.go:320"
time="2026-03-31 17:25:31" level=debug msg="Status verified for object Job/medium-job-1" file="waiters.go:325"
time="2026-03-31 17:25:31" level=debug msg="Waiting for jobs in ns batch-workload-0 to be ready" file="waiters.go:320"
time="2026-03-31 17:25:31" level=debug msg="Status verified for object Job/medium-job-2" file="waiters.go:325"
time="2026-03-31 17:25:31" level=debug msg="Waiting for jobs in ns batch-workload-0 to be ready" file="waiters.go:320"
time="2026-03-31 17:25:31" level=debug msg="Status verified for object Job/medium-job-3" file="waiters.go:325"
time="2026-03-31 17:25:31" level=debug msg="Waiting for jobs in ns batch-workload-0 to be ready" file="waiters.go:320"
time="2026-03-31 17:25:31" level=debug msg="Status verified for object Job/medium-job-4" file="waiters.go:325"
time="2026-03-31 17:25:31" level=debug msg="Waiting for jobs in ns batch-workload-0 to be ready" file="waiters.go:320"
time="2026-03-31 17:25:31" level=debug msg="Status verified for object Job/medium-job-5" file="waiters.go:325"
time="2026-03-31 17:25:31" level=debug msg="Waiting for jobs in ns batch-workload-0 to be ready" file="waiters.go:320"
time="2026-03-31 17:25:32" level=debug msg="Waiting for jobs in ns batch-workload-0 to be ready" file="waiters.go:320"
time="2026-03-31 17:25:32" level=debug msg="Status verified for object Job/medium-job-0" file="waiters.go:325"
time="2026-03-31 17:25:32" level=debug msg="Waiting for jobs in ns batch-workload-0 to be ready" file="waiters.go:320"
time="2026-03-31 17:25:32" level=debug msg="Status verified for object Job/medium-job-1" file="waiters.go:325"
time="2026-03-31 17:25:32" level=debug msg="Waiting for jobs in ns batch-workload-0 to be ready" file="waiters.go:320"
time="2026-03-31 17:25:32" level=debug msg="Status verified for object Job/medium-job-2" file="waiters.go:325"
time="2026-03-31 17:25:32" level=debug msg="Waiting for jobs in ns batch-workload-0 to be ready" file="waiters.go:320"
time="2026-03-31 17:25:32" level=debug msg="Status verified for object Job/medium-job-3" file="waiters.go:325"
time="2026-03-31 17:25:32" level=debug msg="Waiting for jobs in ns batch-workload-0 to be ready" file="waiters.go:320"
time="2026-03-31 17:25:32" level=debug msg="Status verified for object Job/medium-job-4" file="waiters.go:325"
time="2026-03-31 17:25:32" level=debug msg="Waiting for jobs in ns batch-workload-0 to be ready" file="waiters.go:320"
time="2026-03-31 17:25:32" level=debug msg="Status verified for object Job/medium-job-5" file="waiters.go:325"
time="2026-03-31 17:25:32" level=debug msg="Waiting for jobs in ns batch-workload-0 to be ready" file="waiters.go:320"
time="2026-03-31 17:25:33" level=debug msg="Waiting for jobs in ns batch-workload-0 to be ready" file="waiters.go:320"
time="2026-03-31 17:25:33" level=debug msg="Status verified for object Job/medium-job-0" file="waiters.go:325"
time="2026-03-31 17:25:33" level=debug msg="Waiting for jobs in ns batch-workload-0 to be ready" file="waiters.go:320"
time="2026-03-31 17:25:33" level=debug msg="Status verified for object Job/medium-job-1" file="waiters.go:325"
time="2026-03-31 17:25:33" level=debug msg="Waiting for jobs in ns batch-workload-0 to be ready" file="waiters.go:320"
time="2026-03-31 17:25:33" level=debug msg="Status verified for object Job/medium-job-2" file="waiters.go:325"
time="2026-03-31 17:25:33" level=debug msg="Waiting for jobs in ns batch-workload-0 to be ready" file="waiters.go:320"
time="2026-03-31 17:25:33" level=debug msg="Status verified for object Job/medium-job-3" file="waiters.go:325"
time="2026-03-31 17:25:33" level=debug msg="Waiting for jobs in ns batch-workload-0 to be ready" file="waiters.go:320"
time="2026-03-31 17:25:33" level=debug msg="Status verified for object Job/medium-job-4" file="waiters.go:325"
time="2026-03-31 17:25:33" level=debug msg="Waiting for jobs in ns batch-workload-0 to be ready" file="waiters.go:320"
time="2026-03-31 17:25:33" level=debug msg="Status verified for object Job/medium-job-5" file="waiters.go:325"
time="2026-03-31 17:25:33" level=debug msg="Waiting for jobs in ns batch-workload-0 to be ready" file="waiters.go:320"
time="2026-03-31 17:25:33" level=debug msg="Status verified for object Job/medium-job-6" file="waiters.go:325"
time="2026-03-31 17:25:33" level=debug msg="Waiting for jobs in ns batch-workload-0 to be ready" file="waiters.go:320"
time="2026-03-31 17:25:33" level=debug msg="Status verified for object Job/small-job-0" file="waiters.go:325"
time="2026-03-31 17:25:33" level=debug msg="Waiting for jobs in ns batch-workload-0 to be ready" file="waiters.go:320"
time="2026-03-31 17:25:33" level=debug msg="Status verified for object Job/small-job-1" file="waiters.go:325"
time="2026-03-31 17:25:33" level=debug msg="Waiting for jobs in ns batch-workload-0 to be ready" file="waiters.go:320"
time="2026-03-31 17:25:33" level=debug msg="Status verified for object Job/small-job-10" file="waiters.go:325"
time="2026-03-31 17:25:33" level=debug msg="Waiting for jobs in ns batch-workload-0 to be ready" file="waiters.go:320"
time="2026-03-31 17:25:33" level=debug msg="Status verified for object Job/small-job-11" file="waiters.go:325"
time="2026-03-31 17:25:33" level=debug msg="Waiting for jobs in ns batch-workload-0 to be ready" file="waiters.go:320"
time="2026-03-31 17:25:33" level=debug msg="Status verified for object Job/small-job-12" file="waiters.go:325"
time="2026-03-31 17:25:33" level=debug msg="Waiting for jobs in ns batch-workload-0 to be ready" file="waiters.go:320"
time="2026-03-31 17:25:33" level=debug msg="Status verified for object Job/small-job-13" file="waiters.go:325"
time="2026-03-31 17:25:33" level=debug msg="Waiting for jobs in ns batch-workload-0 to be ready" file="waiters.go:320"
time="2026-03-31 17:25:33" level=debug msg="Status verified for object Job/small-job-14" file="waiters.go:325"
time="2026-03-31 17:25:33" level=debug msg="Waiting for jobs in ns batch-workload-0 to be ready" file="waiters.go:320"
time="2026-03-31 17:25:33" level=debug msg="Status verified for object Job/small-job-15" file="waiters.go:325"
time="2026-03-31 17:25:33" level=debug msg="Waiting for jobs in ns batch-workload-0 to be ready" file="waiters.go:320"
time="2026-03-31 17:25:33" level=debug msg="Status verified for object Job/small-job-16" file="waiters.go:325"
time="2026-03-31 17:25:33" level=debug msg="Waiting for jobs in ns batch-workload-0 to be ready" file="waiters.go:320"
time="2026-03-31 17:25:33" level=debug msg="Status verified for object Job/small-job-17" file="waiters.go:325"
time="2026-03-31 17:25:33" level=debug msg="Waiting for jobs in ns batch-workload-0 to be ready" file="waiters.go:320"
time="2026-03-31 17:25:33" level=debug msg="Status verified for object Job/small-job-18" file="waiters.go:325"
time="2026-03-31 17:25:33" level=debug msg="Waiting for jobs in ns batch-workload-0 to be ready" file="waiters.go:320"
time="2026-03-31 17:25:33" level=debug msg="Status verified for object Job/small-job-19" file="waiters.go:325"
time="2026-03-31 17:25:33" level=debug msg="Waiting for jobs in ns batch-workload-0 to be ready" file="waiters.go:320"
time="2026-03-31 17:25:33" level=debug msg="Status verified for object Job/small-job-2" file="waiters.go:325"
time="2026-03-31 17:25:33" level=debug msg="Waiting for jobs in ns batch-workload-0 to be ready" file="waiters.go:320"
time="2026-03-31 17:25:33" level=debug msg="Status verified for object Job/small-job-20" file="waiters.go:325"
time="2026-03-31 17:25:33" level=debug msg="Waiting for jobs in ns batch-workload-0 to be ready" file="waiters.go:320"
time="2026-03-31 17:25:33" level=debug msg="Status verified for object Job/small-job-21" file="waiters.go:325"
time="2026-03-31 17:25:33" level=debug msg="Waiting for jobs in ns batch-workload-0 to be ready" file="waiters.go:320"
time="2026-03-31 17:25:33" level=debug msg="Status verified for object Job/small-job-22" file="waiters.go:325"
time="2026-03-31 17:25:33" level=debug msg="Waiting for jobs in ns batch-workload-0 to be ready" file="waiters.go:320"
time="2026-03-31 17:25:33" level=debug msg="Status verified for object Job/small-job-23" file="waiters.go:325"
time="2026-03-31 17:25:33" level=debug msg="Waiting for jobs in ns batch-workload-0 to be ready" file="waiters.go:320"
time="2026-03-31 17:25:33" level=debug msg="Status verified for object Job/small-job-24" file="waiters.go:325"
time="2026-03-31 17:25:33" level=debug msg="Waiting for jobs in ns batch-workload-0 to be ready" file="waiters.go:320"
time="2026-03-31 17:25:33" level=debug msg="Status verified for object Job/small-job-25" file="waiters.go:325"
time="2026-03-31 17:25:33" level=debug msg="Waiting for jobs in ns batch-workload-0 to be ready" file="waiters.go:320"
time="2026-03-31 17:25:33" level=debug msg="Status verified for object Job/small-job-26" file="waiters.go:325"
time="2026-03-31 17:25:33" level=debug msg="Waiting for jobs in ns batch-workload-0 to be ready" file="waiters.go:320"
time="2026-03-31 17:25:33" level=debug msg="Status verified for object Job/small-job-27" file="waiters.go:325"
time="2026-03-31 17:25:33" level=debug msg="Waiting for jobs in ns batch-workload-0 to be ready" file="waiters.go:320"
time="2026-03-31 17:25:33" level=debug msg="Status verified for object Job/small-job-28" file="waiters.go:325"
time="2026-03-31 17:25:33" level=debug msg="Waiting for jobs in ns batch-workload-0 to be ready" file="waiters.go:320"
time="2026-03-31 17:25:33" level=debug msg="Status verified for object Job/small-job-29" file="waiters.go:325"
time="2026-03-31 17:25:33" level=debug msg="Waiting for jobs in ns batch-workload-0 to be ready" file="waiters.go:320"
time="2026-03-31 17:25:33" level=debug msg="Status verified for object Job/small-job-3" file="waiters.go:325"
time="2026-03-31 17:25:33" level=debug msg="Waiting for jobs in ns batch-workload-0 to be ready" file="waiters.go:320"
time="2026-03-31 17:25:33" level=debug msg="Status verified for object Job/small-job-30" file="waiters.go:325"
time="2026-03-31 17:25:33" level=debug msg="Waiting for jobs in ns batch-workload-0 to be ready" file="waiters.go:320"
time="2026-03-31 17:25:33" level=debug msg="Status verified for object Job/small-job-31" file="waiters.go:325"
time="2026-03-31 17:25:33" level=debug msg="Waiting for jobs in ns batch-workload-0 to be ready" file="waiters.go:320"
time="2026-03-31 17:25:33" level=debug msg="Status verified for object Job/small-job-32" file="waiters.go:325"
time="2026-03-31 17:25:33" level=debug msg="Waiting for jobs in ns batch-workload-0 to be ready" file="waiters.go:320"
time="2026-03-31 17:25:33" level=debug msg="Status verified for object Job/small-job-33" file="waiters.go:325"
time="2026-03-31 17:25:33" level=debug msg="Waiting for jobs in ns batch-workload-0 to be ready" file="waiters.go:320"
time="2026-03-31 17:25:33" level=debug msg="Status verified for object Job/small-job-34" file="waiters.go:325"
time="2026-03-31 17:25:33" level=debug msg="Waiting for jobs in ns batch-workload-0 to be ready" file="waiters.go:320"
time="2026-03-31 17:25:33" level=debug msg="Status verified for object Job/small-job-35" file="waiters.go:325"
time="2026-03-31 17:25:33" level=debug msg="Waiting for jobs in ns batch-workload-0 to be ready" file="waiters.go:320"
time="2026-03-31 17:25:33" level=debug msg="Status verified for object Job/small-job-36" file="waiters.go:325"
time="2026-03-31 17:25:33" level=debug msg="Waiting for jobs in ns batch-workload-0 to be ready" file="waiters.go:320"
time="2026-03-31 17:25:33" level=debug msg="Status verified for object Job/small-job-37" file="waiters.go:325"
time="2026-03-31 17:25:33" level=debug msg="Waiting for jobs in ns batch-workload-0 to be ready" file="waiters.go:320"
time="2026-03-31 17:25:33" level=debug msg="Status verified for object Job/small-job-38" file="waiters.go:325"
time="2026-03-31 17:25:33" level=debug msg="Waiting for jobs in ns batch-workload-0 to be ready" file="waiters.go:320"
time="2026-03-31 17:25:33" level=debug msg="Status verified for object Job/small-job-39" file="waiters.go:325"
time="2026-03-31 17:25:33" level=debug msg="Waiting for jobs in ns batch-workload-0 to be ready" file="waiters.go:320"
time="2026-03-31 17:25:33" level=debug msg="Status verified for object Job/small-job-4" file="waiters.go:325"
time="2026-03-31 17:25:33" level=debug msg="Waiting for jobs in ns batch-workload-0 to be ready" file="waiters.go:320"
time="2026-03-31 17:25:33" level=debug msg="Status verified for object Job/small-job-40" file="waiters.go:325"
time="2026-03-31 17:25:33" level=debug msg="Waiting for jobs in ns batch-workload-0 to be ready" file="waiters.go:320"
time="2026-03-31 17:25:33" level=debug msg="Status verified for object Job/small-job-41" file="waiters.go:325"
time="2026-03-31 17:25:33" level=debug msg="Waiting for jobs in ns batch-workload-0 to be ready" file="waiters.go:320"
time="2026-03-31 17:25:33" level=debug msg="Status verified for object Job/small-job-42" file="waiters.go:325"
time="2026-03-31 17:25:33" level=debug msg="Waiting for jobs in ns batch-workload-0 to be ready" file="waiters.go:320"
time="2026-03-31 17:25:33" level=debug msg="Status verified for object Job/small-job-43" file="waiters.go:325"
time="2026-03-31 17:25:33" level=debug msg="Waiting for jobs in ns batch-workload-0 to be ready" file="waiters.go:320"
time="2026-03-31 17:25:33" level=debug msg="Status verified for object Job/small-job-44" file="waiters.go:325"
time="2026-03-31 17:25:33" level=debug msg="Waiting for jobs in ns batch-workload-0 to be ready" file="waiters.go:320"
time="2026-03-31 17:25:33" level=debug msg="Status verified for object Job/small-job-45" file="waiters.go:325"
time="2026-03-31 17:25:33" level=debug msg="Waiting for jobs in ns batch-workload-0 to be ready" file="waiters.go:320"
time="2026-03-31 17:25:33" level=debug msg="Status verified for object Job/small-job-46" file="waiters.go:325"
time="2026-03-31 17:25:33" level=debug msg="Waiting for jobs in ns batch-workload-0 to be ready" file="waiters.go:320"
time="2026-03-31 17:25:33" level=debug msg="Status verified for object Job/small-job-47" file="waiters.go:325"
time="2026-03-31 17:25:33" level=debug msg="Waiting for jobs in ns batch-workload-0 to be ready" file="waiters.go:320"
time="2026-03-31 17:25:33" level=debug msg="Status verified for object Job/small-job-48" file="waiters.go:325"
time="2026-03-31 17:25:33" level=debug msg="Waiting for jobs in ns batch-workload-0 to be ready" file="waiters.go:320"
time="2026-03-31 17:25:33" level=debug msg="Status verified for object Job/small-job-49" file="waiters.go:325"
time="2026-03-31 17:25:33" level=debug msg="Waiting for jobs in ns batch-workload-0 to be ready" file="waiters.go:320"
time="2026-03-31 17:25:33" level=debug msg="Status verified for object Job/small-job-5" file="waiters.go:325"
time="2026-03-31 17:25:33" level=debug msg="Waiting for jobs in ns batch-workload-0 to be ready" file="waiters.go:320"
time="2026-03-31 17:25:33" level=debug msg="Status verified for object Job/small-job-50" file="waiters.go:325"
time="2026-03-31 17:25:33" level=debug msg="Waiting for jobs in ns batch-workload-0 to be ready" file="waiters.go:320"
time="2026-03-31 17:25:33" level=debug msg="Status verified for object Job/small-job-51" file="waiters.go:325"
time="2026-03-31 17:25:33" level=debug msg="Waiting for jobs in ns batch-workload-0 to be ready" file="waiters.go:320"
time="2026-03-31 17:25:33" level=debug msg="Status verified for object Job/small-job-52" file="waiters.go:325"
time="2026-03-31 17:25:33" level=debug msg="Waiting for jobs in ns batch-workload-0 to be ready" file="waiters.go:320"
time="2026-03-31 17:25:33" level=debug msg="Status verified for object Job/small-job-53" file="waiters.go:325"
time="2026-03-31 17:25:33" level=debug msg="Waiting for jobs in ns batch-workload-0 to be ready" file="waiters.go:320"
time="2026-03-31 17:25:33" level=debug msg="Status verified for object Job/small-job-54" file="waiters.go:325"
time="2026-03-31 17:25:33" level=debug msg="Waiting for jobs in ns batch-workload-0 to be ready" file="waiters.go:320"
time="2026-03-31 17:25:33" level=debug msg="Status verified for object Job/small-job-55" file="waiters.go:325"
time="2026-03-31 17:25:33" level=debug msg="Waiting for jobs in ns batch-workload-0 to be ready" file="waiters.go:320"
time="2026-03-31 17:25:33" level=debug msg="Status verified for object Job/small-job-56" file="waiters.go:325"
time="2026-03-31 17:25:33" level=debug msg="Waiting for jobs in ns batch-workload-0 to be ready" file="waiters.go:320"
time="2026-03-31 17:25:33" level=debug msg="Status verified for object Job/small-job-57" file="waiters.go:325"
time="2026-03-31 17:25:33" level=debug msg="Waiting for jobs in ns batch-workload-0 to be ready" file="waiters.go:320"
time="2026-03-31 17:25:33" level=debug msg="Status verified for object Job/small-job-58" file="waiters.go:325"
time="2026-03-31 17:25:33" level=debug msg="Waiting for jobs in ns batch-workload-0 to be ready" file="waiters.go:320"
time="2026-03-31 17:25:33" level=debug msg="Status verified for object Job/small-job-59" file="waiters.go:325"
time="2026-03-31 17:25:33" level=debug msg="Waiting for jobs in ns batch-workload-0 to be ready" file="waiters.go:320"
time="2026-03-31 17:25:33" level=debug msg="Status verified for object Job/small-job-6" file="waiters.go:325"
time="2026-03-31 17:25:33" level=debug msg="Waiting for jobs in ns batch-workload-0 to be ready" file="waiters.go:320"
time="2026-03-31 17:25:33" level=debug msg="Status verified for object Job/small-job-7" file="waiters.go:325"
time="2026-03-31 17:25:33" level=debug msg="Waiting for jobs in ns batch-workload-0 to be ready" file="waiters.go:320"
time="2026-03-31 17:25:33" level=debug msg="Status verified for object Job/small-job-8" file="waiters.go:325"
time="2026-03-31 17:25:33" level=debug msg="Waiting for jobs in ns batch-workload-0 to be ready" file="waiters.go:320"
time="2026-03-31 17:25:33" level=debug msg="Status verified for object Job/small-job-9" file="waiters.go:325"
time="2026-03-31 17:25:33" level=debug msg="Waiting for jobs in ns batch-workload-0 to be ready" file="waiters.go:320"
time="2026-03-31 17:25:33" level=debug msg="Status verified for object Job/medium-job-0" file="waiters.go:325"
time="2026-03-31 17:25:33" level=debug msg="Waiting for jobs in ns batch-workload-0 to be ready" file="waiters.go:320"
time="2026-03-31 17:25:33" level=debug msg="Status verified for object Job/medium-job-1" file="waiters.go:325"
time="2026-03-31 17:25:33" level=debug msg="Waiting for jobs in ns batch-workload-0 to be ready" file="waiters.go:320"
time="2026-03-31 17:25:33" level=debug msg="Status verified for object Job/medium-job-2" file="waiters.go:325"
time="2026-03-31 17:25:33" level=debug msg="Waiting for jobs in ns batch-workload-0 to be ready" file="waiters.go:320"
time="2026-03-31 17:25:33" level=debug msg="Status verified for object Job/medium-job-3" file="waiters.go:325"
time="2026-03-31 17:25:33" level=debug msg="Waiting for jobs in ns batch-workload-0 to be ready" file="waiters.go:320"
time="2026-03-31 17:25:33" level=debug msg="Status verified for object Job/medium-job-4" file="waiters.go:325"
time="2026-03-31 17:25:33" level=debug msg="Waiting for jobs in ns batch-workload-0 to be ready" file="waiters.go:320"
time="2026-03-31 17:25:33" level=debug msg="Status verified for object Job/medium-job-5" file="waiters.go:325"
time="2026-03-31 17:25:33" level=debug msg="Waiting for jobs in ns batch-workload-0 to be ready" file="waiters.go:320"
time="2026-03-31 17:25:33" level=debug msg="Status verified for object Job/medium-job-6" file="waiters.go:325"
time="2026-03-31 17:25:33" level=debug msg="Waiting for jobs in ns batch-workload-0 to be ready" file="waiters.go:320"
time="2026-03-31 17:25:33" level=debug msg="Status verified for object Job/small-job-0" file="waiters.go:325"
time="2026-03-31 17:25:33" level=debug msg="Waiting for jobs in ns batch-workload-0 to be ready" file="waiters.go:320"
time="2026-03-31 17:25:33" level=debug msg="Status verified for object Job/small-job-1" file="waiters.go:325"
time="2026-03-31 17:25:33" level=debug msg="Waiting for jobs in ns batch-workload-0 to be ready" file="waiters.go:320"
time="2026-03-31 17:25:33" level=debug msg="Status verified for object Job/small-job-10" file="waiters.go:325"
time="2026-03-31 17:25:33" level=debug msg="Waiting for jobs in ns batch-workload-0 to be ready" file="waiters.go:320"
time="2026-03-31 17:25:33" level=debug msg="Status verified for object Job/small-job-11" file="waiters.go:325"
time="2026-03-31 17:25:33" level=debug msg="Waiting for jobs in ns batch-workload-0 to be ready" file="waiters.go:320"
time="2026-03-31 17:25:33" level=debug msg="Status verified for object Job/small-job-12" file="waiters.go:325"
time="2026-03-31 17:25:33" level=debug msg="Waiting for jobs in ns batch-workload-0 to be ready" file="waiters.go:320"
time="2026-03-31 17:25:33" level=debug msg="Status verified for object Job/small-job-13" file="waiters.go:325"
time="2026-03-31 17:25:33" level=debug msg="Waiting for jobs in ns batch-workload-0 to be ready" file="waiters.go:320"
time="2026-03-31 17:25:33" level=debug msg="Status verified for object Job/small-job-14" file="waiters.go:325"
time="2026-03-31 17:25:33" level=debug msg="Waiting for jobs in ns batch-workload-0 to be ready" file="waiters.go:320"
time="2026-03-31 17:25:33" level=debug msg="Status verified for object Job/small-job-15" file="waiters.go:325"
time="2026-03-31 17:25:33" level=debug msg="Waiting for jobs in ns batch-workload-0 to be ready" file="waiters.go:320"
time="2026-03-31 17:25:33" level=debug msg="Status verified for object Job/small-job-16" file="waiters.go:325"
time="2026-03-31 17:25:33" level=debug msg="Waiting for jobs in ns batch-workload-0 to be ready" file="waiters.go:320"
time="2026-03-31 17:25:33" level=debug msg="Status verified for object Job/small-job-17" file="waiters.go:325"
time="2026-03-31 17:25:33" level=debug msg="Waiting for jobs in ns batch-workload-0 to be ready" file="waiters.go:320"
time="2026-03-31 17:25:33" level=debug msg="Status verified for object Job/small-job-18" file="waiters.go:325"
time="2026-03-31 17:25:33" level=debug msg="Waiting for jobs in ns batch-workload-0 to be ready" file="waiters.go:320"
time="2026-03-31 17:25:33" level=debug msg="Status verified for object Job/small-job-19" file="waiters.go:325"
time="2026-03-31 17:25:33" level=debug msg="Waiting for jobs in ns batch-workload-0 to be ready" file="waiters.go:320"
time="2026-03-31 17:25:33" level=debug msg="Status verified for object Job/small-job-2" file="waiters.go:325"
time="2026-03-31 17:25:33" level=debug msg="Waiting for jobs in ns batch-workload-0 to be ready" file="waiters.go:320"
time="2026-03-31 17:25:33" level=debug msg="Status verified for object Job/small-job-20" file="waiters.go:325"
time="2026-03-31 17:25:33" level=debug msg="Waiting for jobs in ns batch-workload-0 to be ready" file="waiters.go:320"
time="2026-03-31 17:25:33" level=debug msg="Status verified for object Job/small-job-21" file="waiters.go:325"
time="2026-03-31 17:25:33" level=debug msg="Waiting for jobs in ns batch-workload-0 to be ready" file="waiters.go:320"
time="2026-03-31 17:25:33" level=debug msg="Status verified for object Job/small-job-22" file="waiters.go:325"
time="2026-03-31 17:25:33" level=debug msg="Waiting for jobs in ns batch-workload-0 to be ready" file="waiters.go:320"
time="2026-03-31 17:25:33" level=debug msg="Status verified for object Job/small-job-23" file="waiters.go:325"
time="2026-03-31 17:25:33" level=debug msg="Waiting for jobs in ns batch-workload-0 to be ready" file="waiters.go:320"
time="2026-03-31 17:25:33" level=debug msg="Status verified for object Job/small-job-24" file="waiters.go:325"
time="2026-03-31 17:25:33" level=debug msg="Waiting for jobs in ns batch-workload-0 to be ready" file="waiters.go:320"
time="2026-03-31 17:25:33" level=debug msg="Status verified for object Job/small-job-25" file="waiters.go:325"
time="2026-03-31 17:25:33" level=debug msg="Waiting for jobs in ns batch-workload-0 to be ready" file="waiters.go:320"
time="2026-03-31 17:25:33" level=debug msg="Status verified for object Job/small-job-26" file="waiters.go:325"
time="2026-03-31 17:25:33" level=debug msg="Waiting for jobs in ns batch-workload-0 to be ready" file="waiters.go:320"
time="2026-03-31 17:25:33" level=debug msg="Status verified for object Job/small-job-27" file="waiters.go:325"
time="2026-03-31 17:25:33" level=debug msg="Waiting for jobs in ns batch-workload-0 to be ready" file="waiters.go:320"
time="2026-03-31 17:25:33" level=debug msg="Status verified for object Job/small-job-28" file="waiters.go:325"
time="2026-03-31 17:25:33" level=debug msg="Waiting for jobs in ns batch-workload-0 to be ready" file="waiters.go:320"
time="2026-03-31 17:25:33" level=debug msg="Status verified for object Job/small-job-29" file="waiters.go:325"
time="2026-03-31 17:25:33" level=debug msg="Waiting for jobs in ns batch-workload-0 to be ready" file="waiters.go:320"
time="2026-03-31 17:25:33" level=debug msg="Status verified for object Job/small-job-3" file="waiters.go:325"
time="2026-03-31 17:25:33" level=debug msg="Waiting for jobs in ns batch-workload-0 to be ready" file="waiters.go:320"
time="2026-03-31 17:25:33" level=debug msg="Status verified for object Job/small-job-30" file="waiters.go:325"
time="2026-03-31 17:25:33" level=debug msg="Waiting for jobs in ns batch-workload-0 to be ready" file="waiters.go:320"
time="2026-03-31 17:25:33" level=debug msg="Status verified for object Job/small-job-31" file="waiters.go:325"
time="2026-03-31 17:25:33" level=debug msg="Waiting for jobs in ns batch-workload-0 to be ready" file="waiters.go:320"
time="2026-03-31 17:25:33" level=debug msg="Status verified for object Job/small-job-32" file="waiters.go:325"
time="2026-03-31 17:25:33" level=debug msg="Waiting for jobs in ns batch-workload-0 to be ready" file="waiters.go:320"
time="2026-03-31 17:25:33" level=debug msg="Status verified for object Job/small-job-33" file="waiters.go:325"
time="2026-03-31 17:25:33" level=debug msg="Waiting for jobs in ns batch-workload-0 to be ready" file="waiters.go:320"
time="2026-03-31 17:25:33" level=debug msg="Status verified for object Job/small-job-34" file="waiters.go:325"
time="2026-03-31 17:25:33" level=debug msg="Waiting for jobs in ns batch-workload-0 to be ready" file="waiters.go:320"
time="2026-03-31 17:25:33" level=debug msg="Status verified for object Job/small-job-35" file="waiters.go:325"
time="2026-03-31 17:25:33" level=debug msg="Waiting for jobs in ns batch-workload-0 to be ready" file="waiters.go:320"
time="2026-03-31 17:25:33" level=debug msg="Status verified for object Job/small-job-36" file="waiters.go:325"
time="2026-03-31 17:25:33" level=debug msg="Waiting for jobs in ns batch-workload-0 to be ready" file="waiters.go:320"
time="2026-03-31 17:25:33" level=debug msg="Status verified for object Job/small-job-37" file="waiters.go:325"
time="2026-03-31 17:25:33" level=debug msg="Waiting for jobs in ns batch-workload-0 to be ready" file="waiters.go:320"
time="2026-03-31 17:25:33" level=debug msg="Status verified for object Job/small-job-38" file="waiters.go:325"
time="2026-03-31 17:25:33" level=debug msg="Waiting for jobs in ns batch-workload-0 to be ready" file="waiters.go:320"
time="2026-03-31 17:25:33" level=debug msg="Status verified for object Job/small-job-39" file="waiters.go:325"
time="2026-03-31 17:25:33" level=debug msg="Waiting for jobs in ns batch-workload-0 to be ready" file="waiters.go:320"
time="2026-03-31 17:25:33" level=debug msg="Status verified for object Job/small-job-4" file="waiters.go:325"
time="2026-03-31 17:25:33" level=debug msg="Waiting for jobs in ns batch-workload-0 to be ready" file="waiters.go:320"
time="2026-03-31 17:25:33" level=debug msg="Status verified for object Job/small-job-40" file="waiters.go:325"
time="2026-03-31 17:25:33" level=debug msg="Waiting for jobs in ns batch-workload-0 to be ready" file="waiters.go:320"
time="2026-03-31 17:25:33" level=debug msg="Status verified for object Job/small-job-41" file="waiters.go:325"
time="2026-03-31 17:25:33" level=debug msg="Waiting for jobs in ns batch-workload-0 to be ready" file="waiters.go:320"
time="2026-03-31 17:25:33" level=debug msg="Status verified for object Job/small-job-42" file="waiters.go:325"
time="2026-03-31 17:25:33" level=debug msg="Waiting for jobs in ns batch-workload-0 to be ready" file="waiters.go:320"
time="2026-03-31 17:25:33" level=debug msg="Status verified for object Job/small-job-43" file="waiters.go:325"
time="2026-03-31 17:25:33" level=debug msg="Waiting for jobs in ns batch-workload-0 to be ready" file="waiters.go:320"
time="2026-03-31 17:25:33" level=debug msg="Status verified for object Job/small-job-44" file="waiters.go:325"
time="2026-03-31 17:25:33" level=debug msg="Waiting for jobs in ns batch-workload-0 to be ready" file="waiters.go:320"
time="2026-03-31 17:25:33" level=debug msg="Status verified for object Job/small-job-45" file="waiters.go:325"
time="2026-03-31 17:25:33" level=debug msg="Waiting for jobs in ns batch-workload-0 to be ready" file="waiters.go:320"
time="2026-03-31 17:25:33" level=debug msg="Status verified for object Job/small-job-46" file="waiters.go:325"
time="2026-03-31 17:25:33" level=debug msg="Waiting for jobs in ns batch-workload-0 to be ready" file="waiters.go:320"
time="2026-03-31 17:25:33" level=debug msg="Status verified for object Job/small-job-47" file="waiters.go:325"
time="2026-03-31 17:25:33" level=debug msg="Waiting for jobs in ns batch-workload-0 to be ready" file="waiters.go:320"
time="2026-03-31 17:25:33" level=debug msg="Status verified for object Job/small-job-48" file="waiters.go:325"
time="2026-03-31 17:25:33" level=debug msg="Waiting for jobs in ns batch-workload-0 to be ready" file="waiters.go:320"
time="2026-03-31 17:25:33" level=debug msg="Status verified for object Job/small-job-49" file="waiters.go:325"
time="2026-03-31 17:25:33" level=debug msg="Waiting for jobs in ns batch-workload-0 to be ready" file="waiters.go:320"
time="2026-03-31 17:25:33" level=debug msg="Status verified for object Job/small-job-5" file="waiters.go:325"
time="2026-03-31 17:25:33" level=debug msg="Waiting for jobs in ns batch-workload-0 to be ready" file="waiters.go:320"
time="2026-03-31 17:25:33" level=debug msg="Status verified for object Job/small-job-50" file="waiters.go:325"
time="2026-03-31 17:25:33" level=debug msg="Waiting for jobs in ns batch-workload-0 to be ready" file="waiters.go:320"
time="2026-03-31 17:25:33" level=debug msg="Status verified for object Job/small-job-51" file="waiters.go:325"
time="2026-03-31 17:25:33" level=debug msg="Waiting for jobs in ns batch-workload-0 to be ready" file="waiters.go:320"
time="2026-03-31 17:25:33" level=debug msg="Status verified for object Job/small-job-52" file="waiters.go:325"
time="2026-03-31 17:25:33" level=debug msg="Waiting for jobs in ns batch-workload-0 to be ready" file="waiters.go:320"
time="2026-03-31 17:25:33" level=debug msg="Status verified for object Job/small-job-53" file="waiters.go:325"
time="2026-03-31 17:25:33" level=debug msg="Waiting for jobs in ns batch-workload-0 to be ready" file="waiters.go:320"
time="2026-03-31 17:25:33" level=debug msg="Status verified for object Job/small-job-54" file="waiters.go:325"
time="2026-03-31 17:25:33" level=debug msg="Waiting for jobs in ns batch-workload-0 to be ready" file="waiters.go:320"
time="2026-03-31 17:25:33" level=debug msg="Status verified for object Job/small-job-55" file="waiters.go:325"
time="2026-03-31 17:25:33" level=debug msg="Waiting for jobs in ns batch-workload-0 to be ready" file="waiters.go:320"
time="2026-03-31 17:25:33" level=debug msg="Status verified for object Job/small-job-56" file="waiters.go:325"
time="2026-03-31 17:25:33" level=debug msg="Waiting for jobs in ns batch-workload-0 to be ready" file="waiters.go:320"
time="2026-03-31 17:25:33" level=debug msg="Status verified for object Job/small-job-57" file="waiters.go:325"
time="2026-03-31 17:25:33" level=debug msg="Waiting for jobs in ns batch-workload-0 to be ready" file="waiters.go:320"
time="2026-03-31 17:25:33" level=debug msg="Status verified for object Job/small-job-58" file="waiters.go:325"
time="2026-03-31 17:25:33" level=debug msg="Waiting for jobs in ns batch-workload-0 to be ready" file="waiters.go:320"
time="2026-03-31 17:25:33" level=debug msg="Status verified for object Job/small-job-59" file="waiters.go:325"
time="2026-03-31 17:25:33" level=debug msg="Waiting for jobs in ns batch-workload-0 to be ready" file="waiters.go:320"
time="2026-03-31 17:25:33" level=debug msg="Status verified for object Job/small-job-6" file="waiters.go:325"
time="2026-03-31 17:25:33" level=debug msg="Waiting for jobs in ns batch-workload-0 to be ready" file="waiters.go:320"
time="2026-03-31 17:25:33" level=debug msg="Status verified for object Job/small-job-7" file="waiters.go:325"
time="2026-03-31 17:25:33" level=debug msg="Waiting for jobs in ns batch-workload-0 to be ready" file="waiters.go:320"
time="2026-03-31 17:25:33" level=debug msg="Status verified for object Job/small-job-8" file="waiters.go:325"
time="2026-03-31 17:25:33" level=debug msg="Waiting for jobs in ns batch-workload-0 to be ready" file="waiters.go:320"
time="2026-03-31 17:25:33" level=debug msg="Status verified for object Job/small-job-9" file="waiters.go:325"
time="2026-03-31 17:25:33" level=info msg="Actions in namespace batch-workload-0 completed" file="waiters.go:77"
time="2026-03-31 17:25:33" level=info msg="Verifying created objects" file="utils.go:161"
time="2026-03-31 17:25:34" level=debug msg="jobs found: 60 Expected: 60" file="utils.go:207"
time="2026-03-31 17:25:34" level=debug msg="jobs found: 7 Expected: 7" file="utils.go:207"
time="2026-03-31 17:25:34" level=info msg="Job batch-jobs took 3m37s" file="job.go:232"
time="2026-03-31 17:25:34" level=info msg="Stopping measurement: jobLatency" file="factory.go:168"
time="2026-03-31 17:25:34" level=info msg="batch-jobs: StartTime 99th: 173500 ms max: 174000 ms avg: 13910 ms" file="base_measurement.go:128"
time="2026-03-31 17:25:34" level=info msg="batch-jobs: Complete 99th: 205000 ms max: 210000 ms avg: 184358 ms" file="base_measurement.go:128"
time="2026-03-31 17:25:34" level=info msg="Indexing collected data from measurement: jobLatency" file="factory.go:180"
time="2026-03-31 17:25:34" level=info msg="Indexing metric jobLatencyMeasurement" file="base_measurement.go:151"
time="2026-03-31 17:25:34" level=debug msg="Indexing [67] documents: jobLatencyMeasurement" file="base_measurement.go:155"
time="2026-03-31 17:25:34" level=info msg="File collected-metrics-7907071f-9679-47b5-afc5-d425ff338c8d/jobLatencyMeasurement-batch-jobs.json now contains 67 documents" file="base_measurement.go:160"
time="2026-03-31 17:25:34" level=info msg="Indexing metric jobLatencyQuantilesMeasurement" file="base_measurement.go:151"
time="2026-03-31 17:25:34" level=debug msg="Indexing [2] documents: jobLatencyQuantilesMeasurement" file="base_measurement.go:155"
time="2026-03-31 17:25:34" level=info msg="File collected-metrics-7907071f-9679-47b5-afc5-d425ff338c8d/jobLatencyQuantilesMeasurement-batch-jobs.json now contains 2 documents" file="base_measurement.go:160"
time="2026-03-31 17:25:34" level=info msg="Indexing job summaries" file="metadata.go:49"
time="2026-03-31 17:25:34" level=info msg="File collected-metrics-7907071f-9679-47b5-afc5-d425ff338c8d/jobSummary.json now contains 1 documents" file="metadata.go:66"
time="2026-03-31 17:25:34" level=info msg="Finished execution with UUID: 7907071f-9679-47b5-afc5-d425ff338c8d" file="job.go:314"
time="2026-03-31 17:25:34" level=info msg="👋 Exiting kube-burner 7907071f-9679-47b5-afc5-d425ff338c8d" file="kube-burner.go:89"
